1733673267.610407 client started (4721): version 3.2a, socket /tmp/tmux-1000/default, protocol 8
1733673267.610460 on Linux 5.15.167.4-microsoft-standard-WSL2 #1 SMP Tue Nov 5 00:21:55 UTC 2024
1733673267.610469 using libevent 2.1.12-stable (poll); ncurses 6.3
1733673267.610497 flags are 0x18010000
1733673267.610504 socket is /tmp/tmux-1000/default
1733673267.610519 trying connect
1733673267.610582 connect failed: Connection refused
1733673267.610611 lock file is /tmp/tmux-1000/default.lock
1733673267.610662 flock succeeded
1733673267.610668 got lock (6)
1733673267.610678 trying connect
1733673267.610688 connect failed: Connection refused
1733673267.611096 add peer 0x55dab34842a0: 7 ((nil))
1733673267.611753 sending message 100 to peer 0x55dab34842a0 (4 bytes)
1733673267.611777 sending message 111 to peer 0x55dab34842a0 (8 bytes)
1733673267.611786 sending message 101 to peer 0x55dab34842a0 (15 bytes)
1733673267.611796 sending message 109 to peer 0x55dab34842a0 (4 bytes)
1733673267.611823 sending message 102 to peer 0x55dab34842a0 (11 bytes)
1733673267.611849 sending message 108 to peer 0x55dab34842a0 (25 bytes)
1733673267.611878 sending message 112 to peer 0x55dab34842a0 (58 bytes)
1733673267.611906 sending message 112 to peer 0x55dab34842a0 (5 bytes)
1733673267.611933 sending message 112 to peer 0x55dab34842a0 (5 bytes)
1733673267.611960 sending message 112 to peer 0x55dab34842a0 (6 bytes)
1733673267.611979 sending message 112 to peer 0x55dab34842a0 (6 bytes)
1733673267.611985 sending message 112 to peer 0x55dab34842a0 (11 bytes)
1733673267.611991 sending message 112 to peer 0x55dab34842a0 (10 bytes)
1733673267.611997 sending message 112 to peer 0x55dab34842a0 (13 bytes)
1733673267.612003 sending message 112 to peer 0x55dab34842a0 (14 bytes)
1733673267.612009 sending message 112 to peer 0x55dab34842a0 (19 bytes)
1733673267.612015 sending message 112 to peer 0x55dab34842a0 (11 bytes)
1733673267.612021 sending message 112 to peer 0x55dab34842a0 (10 bytes)
1733673267.612027 sending message 112 to peer 0x55dab34842a0 (15 bytes)
1733673267.612033 sending message 112 to peer 0x55dab34842a0 (21 bytes)
1733673267.612039 sending message 112 to peer 0x55dab34842a0 (13 bytes)
1733673267.612045 sending message 112 to peer 0x55dab34842a0 (7 bytes)
1733673267.612052 sending message 112 to peer 0x55dab34842a0 (13 bytes)
1733673267.612059 sending message 112 to peer 0x55dab34842a0 (7 bytes)
1733673267.612065 sending message 112 to peer 0x55dab34842a0 (13 bytes)
1733673267.612071 sending message 112 to peer 0x55dab34842a0 (9 bytes)
1733673267.612077 sending message 112 to peer 0x55dab34842a0 (21 bytes)
1733673267.612083 sending message 112 to peer 0x55dab34842a0 (13 bytes)
1733673267.612089 sending message 112 to peer 0x55dab34842a0 (9 bytes)
1733673267.612095 sending message 112 to peer 0x55dab34842a0 (16 bytes)
1733673267.612101 sending message 112 to peer 0x55dab34842a0 (13 bytes)
1733673267.612108 sending message 112 to peer 0x55dab34842a0 (9 bytes)
1733673267.612113 sending message 112 to peer 0x55dab34842a0 (9 bytes)
1733673267.612119 sending message 112 to peer 0x55dab34842a0 (12 bytes)
1733673267.612125 sending message 112 to peer 0x55dab34842a0 (8 bytes)
1733673267.612131 sending message 112 to peer 0x55dab34842a0 (8 bytes)
1733673267.612137 sending message 112 to peer 0x55dab34842a0 (13 bytes)
1733673267.612143 sending message 112 to peer 0x55dab34842a0 (7 bytes)
1733673267.612149 sending message 112 to peer 0x55dab34842a0 (7 bytes)
1733673267.612155 sending message 112 to peer 0x55dab34842a0 (9 bytes)
1733673267.612161 sending message 112 to peer 0x55dab34842a0 (9 bytes)
1733673267.612166 sending message 112 to peer 0x55dab34842a0 (15 bytes)
1733673267.612172 sending message 112 to peer 0x55dab34842a0 (13 bytes)
1733673267.612178 sending message 112 to peer 0x55dab34842a0 (12 bytes)
1733673267.612184 sending message 112 to peer 0x55dab34842a0 (8 bytes)
1733673267.612190 sending message 112 to peer 0x55dab34842a0 (14 bytes)
1733673267.612196 sending message 112 to peer 0x55dab34842a0 (11 bytes)
1733673267.612202 sending message 112 to peer 0x55dab34842a0 (9 bytes)
1733673267.612219 sending message 112 to peer 0x55dab34842a0 (10 bytes)
1733673267.612226 sending message 112 to peer 0x55dab34842a0 (10 bytes)
1733673267.612232 sending message 112 to peer 0x55dab34842a0 (10 bytes)
1733673267.612238 sending message 112 to peer 0x55dab34842a0 (10 bytes)
1733673267.612244 sending message 112 to peer 0x55dab34842a0 (11 bytes)
1733673267.612250 sending message 112 to peer 0x55dab34842a0 (12 bytes)
1733673267.612256 sending message 112 to peer 0x55dab34842a0 (12 bytes)
1733673267.612262 sending message 112 to peer 0x55dab34842a0 (12 bytes)
1733673267.612268 sending message 112 to peer 0x55dab34842a0 (12 bytes)
1733673267.612274 sending message 112 to peer 0x55dab34842a0 (12 bytes)
1733673267.612280 sending message 112 to peer 0x55dab34842a0 (11 bytes)
1733673267.612286 sending message 112 to peer 0x55dab34842a0 (11 bytes)
1733673267.612293 sending message 112 to peer 0x55dab34842a0 (12 bytes)
1733673267.612299 sending message 112 to peer 0x55dab34842a0 (12 bytes)
1733673267.612305 sending message 112 to peer 0x55dab34842a0 (12 bytes)
1733673267.612311 sending message 112 to peer 0x55dab34842a0 (12 bytes)
1733673267.612316 sending message 112 to peer 0x55dab34842a0 (12 bytes)
1733673267.612323 sending message 112 to peer 0x55dab34842a0 (9 bytes)
1733673267.612329 sending message 112 to peer 0x55dab34842a0 (12 bytes)
1733673267.612335 sending message 112 to peer 0x55dab34842a0 (13 bytes)
1733673267.612341 sending message 112 to peer 0x55dab34842a0 (13 bytes)
1733673267.612347 sending message 112 to peer 0x55dab34842a0 (13 bytes)
1733673267.612353 sending message 112 to peer 0x55dab34842a0 (13 bytes)
1733673267.612359 sending message 112 to peer 0x55dab34842a0 (13 bytes)
1733673267.612365 sending message 112 to peer 0x55dab34842a0 (8 bytes)
1733673267.612371 sending message 112 to peer 0x55dab34842a0 (11 bytes)
1733673267.612377 sending message 112 to peer 0x55dab34842a0 (11 bytes)
1733673267.612383 sending message 112 to peer 0x55dab34842a0 (11 bytes)
1733673267.612389 sending message 112 to peer 0x55dab34842a0 (12 bytes)
1733673267.612395 sending message 112 to peer 0x55dab34842a0 (12 bytes)
1733673267.612401 sending message 112 to peer 0x55dab34842a0 (12 bytes)
1733673267.612407 sending message 112 to peer 0x55dab34842a0 (12 bytes)
1733673267.612413 sending message 112 to peer 0x55dab34842a0 (13 bytes)
1733673267.612419 sending message 112 to peer 0x55dab34842a0 (13 bytes)
1733673267.612426 sending message 112 to peer 0x55dab34842a0 (13 bytes)
1733673267.612432 sending message 112 to peer 0x55dab34842a0 (8 bytes)
1733673267.612439 sending message 112 to peer 0x55dab34842a0 (13 bytes)
1733673267.612445 sending message 112 to peer 0x55dab34842a0 (13 bytes)
1733673267.612451 sending message 112 to peer 0x55dab34842a0 (13 bytes)
1733673267.612457 sending message 112 to peer 0x55dab34842a0 (13 bytes)
1733673267.612463 sending message 112 to peer 0x55dab34842a0 (13 bytes)
1733673267.612469 sending message 112 to peer 0x55dab34842a0 (12 bytes)
1733673267.612475 sending message 112 to peer 0x55dab34842a0 (12 bytes)
1733673267.612481 sending message 112 to peer 0x55dab34842a0 (12 bytes)
1733673267.612487 sending message 112 to peer 0x55dab34842a0 (12 bytes)
1733673267.612493 sending message 112 to peer 0x55dab34842a0 (13 bytes)
1733673267.612498 sending message 112 to peer 0x55dab34842a0 (8 bytes)
1733673267.612504 sending message 112 to peer 0x55dab34842a0 (13 bytes)
1733673267.612510 sending message 112 to peer 0x55dab34842a0 (13 bytes)
1733673267.612516 sending message 112 to peer 0x55dab34842a0 (13 bytes)
1733673267.612522 sending message 112 to peer 0x55dab34842a0 (13 bytes)
1733673267.612528 sending message 112 to peer 0x55dab34842a0 (13 bytes)
1733673267.612534 sending message 112 to peer 0x55dab34842a0 (13 bytes)
1733673267.612540 sending message 112 to peer 0x55dab34842a0 (13 bytes)
1733673267.612546 sending message 112 to peer 0x55dab34842a0 (12 bytes)
1733673267.612552 sending message 112 to peer 0x55dab34842a0 (12 bytes)
1733673267.612558 sending message 112 to peer 0x55dab34842a0 (12 bytes)
1733673267.612570 sending message 112 to peer 0x55dab34842a0 (8 bytes)
1733673267.612577 sending message 112 to peer 0x55dab34842a0 (12 bytes)
1733673267.612583 sending message 112 to peer 0x55dab34842a0 (13 bytes)
1733673267.612589 sending message 112 to peer 0x55dab34842a0 (13 bytes)
1733673267.612595 sending message 112 to peer 0x55dab34842a0 (13 bytes)
1733673267.612601 sending message 112 to peer 0x55dab34842a0 (13 bytes)
1733673267.612607 sending message 112 to peer 0x55dab34842a0 (13 bytes)
1733673267.612613 sending message 112 to peer 0x55dab34842a0 (13 bytes)
1733673267.612619 sending message 112 to peer 0x55dab34842a0 (13 bytes)
1733673267.612625 sending message 112 to peer 0x55dab34842a0 (13 bytes)
1733673267.612631 sending message 112 to peer 0x55dab34842a0 (12 bytes)
1733673267.612637 sending message 112 to peer 0x55dab34842a0 (10 bytes)
1733673267.612643 sending message 112 to peer 0x55dab34842a0 (12 bytes)
1733673267.612650 sending message 112 to peer 0x55dab34842a0 (12 bytes)
1733673267.612656 sending message 112 to peer 0x55dab34842a0 (12 bytes)
1733673267.612662 sending message 112 to peer 0x55dab34842a0 (13 bytes)
1733673267.612668 sending message 112 to peer 0x55dab34842a0 (13 bytes)
1733673267.612674 sending message 112 to peer 0x55dab34842a0 (13 bytes)
1733673267.612680 sending message 112 to peer 0x55dab34842a0 (13 bytes)
1733673267.612686 sending message 112 to peer 0x55dab34842a0 (13 bytes)
1733673267.612692 sending message 112 to peer 0x55dab34842a0 (13 bytes)
1733673267.612698 sending message 112 to peer 0x55dab34842a0 (13 bytes)
1733673267.612704 sending message 112 to peer 0x55dab34842a0 (10 bytes)
1733673267.612710 sending message 112 to peer 0x55dab34842a0 (13 bytes)
1733673267.612716 sending message 112 to peer 0x55dab34842a0 (12 bytes)
1733673267.612722 sending message 112 to peer 0x55dab34842a0 (12 bytes)
1733673267.612728 sending message 112 to peer 0x55dab34842a0 (12 bytes)
1733673267.612734 sending message 112 to peer 0x55dab34842a0 (10 bytes)
1733673267.612740 sending message 112 to peer 0x55dab34842a0 (10 bytes)
1733673267.612746 sending message 112 to peer 0x55dab34842a0 (10 bytes)
1733673267.612752 sending message 112 to peer 0x55dab34842a0 (12 bytes)
1733673267.612758 sending message 112 to peer 0x55dab34842a0 (13 bytes)
1733673267.612764 sending message 112 to peer 0x55dab34842a0 (13 bytes)
1733673267.612770 sending message 112 to peer 0x55dab34842a0 (13 bytes)
1733673267.612776 sending message 112 to peer 0x55dab34842a0 (13 bytes)
1733673267.612829 sending message 112 to peer 0x55dab34842a0 (13 bytes)
1733673267.612841 sending message 112 to peer 0x55dab34842a0 (10 bytes)
1733673267.612870 sending message 112 to peer 0x55dab34842a0 (11 bytes)
1733673267.612880 sending message 112 to peer 0x55dab34842a0 (12 bytes)
1733673267.612887 sending message 112 to peer 0x55dab34842a0 (12 bytes)
1733673267.612894 sending message 112 to peer 0x55dab34842a0 (12 bytes)
1733673267.612900 sending message 112 to peer 0x55dab34842a0 (12 bytes)
1733673267.612907 sending message 112 to peer 0x55dab34842a0 (12 bytes)
1733673267.612913 sending message 112 to peer 0x55dab34842a0 (11 bytes)
1733673267.612920 sending message 112 to peer 0x55dab34842a0 (12 bytes)
1733673267.612926 sending message 112 to peer 0x55dab34842a0 (12 bytes)
1733673267.612932 sending message 112 to peer 0x55dab34842a0 (13 bytes)
1733673267.612939 sending message 112 to peer 0x55dab34842a0 (13 bytes)
1733673267.612945 sending message 112 to peer 0x55dab34842a0 (13 bytes)
1733673267.612951 sending message 112 to peer 0x55dab34842a0 (13 bytes)
1733673267.612958 sending message 112 to peer 0x55dab34842a0 (13 bytes)
1733673267.612964 sending message 112 to peer 0x55dab34842a0 (10 bytes)
1733673267.612971 sending message 112 to peer 0x55dab34842a0 (9 bytes)
1733673267.612978 sending message 112 to peer 0x55dab34842a0 (12 bytes)
1733673267.612985 sending message 112 to peer 0x55dab34842a0 (13 bytes)
1733673267.612992 sending message 112 to peer 0x55dab34842a0 (13 bytes)
1733673267.612998 sending message 112 to peer 0x55dab34842a0 (13 bytes)
1733673267.613015 sending message 112 to peer 0x55dab34842a0 (13 bytes)
1733673267.613021 sending message 112 to peer 0x55dab34842a0 (13 bytes)
1733673267.613028 sending message 112 to peer 0x55dab34842a0 (9 bytes)
1733673267.613035 sending message 112 to peer 0x55dab34842a0 (12 bytes)
1733673267.613041 sending message 112 to peer 0x55dab34842a0 (13 bytes)
1733673267.613048 sending message 112 to peer 0x55dab34842a0 (13 bytes)
1733673267.613055 sending message 112 to peer 0x55dab34842a0 (13 bytes)
1733673267.613062 sending message 112 to peer 0x55dab34842a0 (13 bytes)
1733673267.613069 sending message 112 to peer 0x55dab34842a0 (13 bytes)
1733673267.613075 sending message 112 to peer 0x55dab34842a0 (11 bytes)
1733673267.613082 sending message 112 to peer 0x55dab34842a0 (12 bytes)
1733673267.613089 sending message 112 to peer 0x55dab34842a0 (13 bytes)
1733673267.613095 sending message 112 to peer 0x55dab34842a0 (13 bytes)
1733673267.613102 sending message 112 to peer 0x55dab34842a0 (13 bytes)
1733673267.613133 sending message 112 to peer 0x55dab34842a0 (13 bytes)
1733673267.613148 sending message 112 to peer 0x55dab34842a0 (13 bytes)
1733673267.613155 sending message 112 to peer 0x55dab34842a0 (11 bytes)
1733673267.613162 sending message 112 to peer 0x55dab34842a0 (12 bytes)
1733673267.613169 sending message 112 to peer 0x55dab34842a0 (12 bytes)
1733673267.613176 sending message 112 to peer 0x55dab34842a0 (12 bytes)
1733673267.613182 sending message 112 to peer 0x55dab34842a0 (12 bytes)
1733673267.613189 sending message 112 to peer 0x55dab34842a0 (12 bytes)
1733673267.613196 sending message 112 to peer 0x55dab34842a0 (21 bytes)
1733673267.613203 sending message 112 to peer 0x55dab34842a0 (12 bytes)
1733673267.613210 sending message 112 to peer 0x55dab34842a0 (9 bytes)
1733673267.613216 sending message 112 to peer 0x55dab34842a0 (6 bytes)
1733673267.613223 sending message 112 to peer 0x55dab34842a0 (13 bytes)
1733673267.613230 sending message 112 to peer 0x55dab34842a0 (10 bytes)
1733673267.613237 sending message 112 to peer 0x55dab34842a0 (24 bytes)
1733673267.613243 sending message 112 to peer 0x55dab34842a0 (13 bytes)
1733673267.613250 sending message 112 to peer 0x55dab34842a0 (9 bytes)
1733673267.613257 sending message 112 to peer 0x55dab34842a0 (70 bytes)
1733673267.613264 sending message 112 to peer 0x55dab34842a0 (69 bytes)
1733673267.613276 sending message 112 to peer 0x55dab34842a0 (12 bytes)
1733673267.613286 sending message 112 to peer 0x55dab34842a0 (10 bytes)
1733673267.613293 sending message 112 to peer 0x55dab34842a0 (10 bytes)
1733673267.613299 sending message 112 to peer 0x55dab34842a0 (24 bytes)
1733673267.613306 sending message 112 to peer 0x55dab34842a0 (13 bytes)
1733673267.613313 sending message 112 to peer 0x55dab34842a0 (10 bytes)
1733673267.613320 sending message 112 to peer 0x55dab34842a0 (10 bytes)
1733673267.613326 sending message 112 to peer 0x55dab34842a0 (10 bytes)
1733673267.613333 sending message 112 to peer 0x55dab34842a0 (13 bytes)
1733673267.613340 sending message 112 to peer 0x55dab34842a0 (15 bytes)
1733673267.613347 sending message 112 to peer 0x55dab34842a0 (5 bytes)
1733673267.613355 sending message 104 to peer 0x55dab34842a0 (0 bytes)
1733673267.613363 sending message 110 to peer 0x55dab34842a0 (0 bytes)
1733673267.613371 sending message 107 to peer 0x55dab34842a0 (4 bytes)
1733673267.613378 sending message 105 to peer 0x55dab34842a0 (16 bytes)
1733673267.613384 sending message 105 to peer 0x55dab34842a0 (13 bytes)
1733673267.613392 sending message 105 to peer 0x55dab34842a0 (2537 bytes)
1733673267.613403 sending message 105 to peer 0x55dab34842a0 (20 bytes)
1733673267.613410 sending message 105 to peer 0x55dab34842a0 (32 bytes)
1733673267.613416 sending message 105 to peer 0x55dab34842a0 (11 bytes)
1733673267.613423 sending message 105 to peer 0x55dab34842a0 (26 bytes)
1733673267.613430 sending message 105 to peer 0x55dab34842a0 (40 bytes)
1733673267.613436 sending message 105 to peer 0x55dab34842a0 (24 bytes)
1733673267.613443 sending message 105 to peer 0x55dab34842a0 (33 bytes)
1733673267.613457 sending message 105 to peer 0x55dab34842a0 (48 bytes)
1733673267.613464 sending message 105 to peer 0x55dab34842a0 (53 bytes)
1733673267.613470 sending message 105 to peer 0x55dab34842a0 (33 bytes)
1733673267.613480 sending message 105 to peer 0x55dab34842a0 (10 bytes)
1733673267.613487 sending message 105 to peer 0x55dab34842a0 (17 bytes)
1733673267.613494 sending message 105 to peer 0x55dab34842a0 (11 bytes)
1733673267.613501 sending message 105 to peer 0x55dab34842a0 (14 bytes)
1733673267.613508 sending message 105 to peer 0x55dab34842a0 (15 bytes)
1733673267.613514 sending message 105 to peer 0x55dab34842a0 (23 bytes)
1733673267.613521 sending message 105 to peer 0x55dab34842a0 (54 bytes)
1733673267.613528 sending message 105 to peer 0x55dab34842a0 (8 bytes)
1733673267.613535 sending message 105 to peer 0x55dab34842a0 (29 bytes)
1733673267.613541 sending message 105 to peer 0x55dab34842a0 (27 bytes)
1733673267.613548 sending message 105 to peer 0x55dab34842a0 (27 bytes)
1733673267.613554 sending message 105 to peer 0x55dab34842a0 (11 bytes)
1733673267.613561 sending message 105 to peer 0x55dab34842a0 (8 bytes)
1733673267.613567 sending message 105 to peer 0x55dab34842a0 (32 bytes)
1733673267.613575 sending message 105 to peer 0x55dab34842a0 (1519 bytes)
1733673267.613584 sending message 105 to peer 0x55dab34842a0 (34 bytes)
1733673267.613591 sending message 105 to peer 0x55dab34842a0 (25 bytes)
1733673267.613597 sending message 105 to peer 0x55dab34842a0 (16 bytes)
1733673267.613604 sending message 105 to peer 0x55dab34842a0 (52 bytes)
1733673267.613610 sending message 105 to peer 0x55dab34842a0 (61 bytes)
1733673267.613617 sending message 105 to peer 0x55dab34842a0 (16 bytes)
1733673267.613624 sending message 106 to peer 0x55dab34842a0 (0 bytes)
1733673267.613641 sending message 200 to peer 0x55dab34842a0 (4 bytes)
1733673267.613647 client loop enter
1733673267.613720 client_signal: Child exited
1733673267.666138 peer 0x55dab34842a0 message 207
1733673267.666163 sending message 208 to peer 0x55dab34842a0 (0 bytes)
1733673275.152197 peer 0x55dab34842a0 message 203
1733673275.152231 sending message 205 to peer 0x55dab34842a0 (0 bytes)
1733673275.153165 peer 0x55dab34842a0 message 204
1733673275.153186 client loop exit
